Archive member included because of file (symbol)

c:/program files/eclipse/winavr/bin/../lib/gcc/avr/4.3.3/avr5\libgcc.a(_mulsi3.o)
                              ./Khaled_El-Sayed/COTS/01-MCAL/Timer/Timer_Program.o (__mulsi3)
c:/program files/eclipse/winavr/bin/../lib/gcc/avr/4.3.3/avr5\libgcc.a(_udivmodsi4.o)
                              ./Khaled_El-Sayed/COTS/01-MCAL/Timer/Timer_Program.o (__udivmodsi4)
c:/program files/eclipse/winavr/bin/../lib/gcc/avr/4.3.3/avr5\libgcc.a(_exit.o)
                              c:/program files/eclipse/winavr/bin/../lib/gcc/avr/4.3.3/../../../../avr/lib/avr5/crtm16.o (exit)
c:/program files/eclipse/winavr/bin/../lib/gcc/avr/4.3.3/avr5\libgcc.a(_copy_data.o)
                              ./Khaled_El-Sayed/COTS/02-HAL/Seven_Segment/Seven_Segment_Program.o (__do_copy_data)
c:/program files/eclipse/winavr/bin/../lib/gcc/avr/4.3.3/avr5\libgcc.a(_clear_bss.o)
                              ./Khaled_El-Sayed/COTS/01-MCAL/Timer/Timer_Program.o (__do_clear_bss)
c:/program files/eclipse/winavr/bin/../lib/gcc/avr/4.3.3/avr5\libgcc.a(_fixunssfsi.o)
                              ./Khaled_El-Sayed/COTS/02-HAL/Stepper_Motor/Stepper_Motor_Program.o (__fixunssfsi)
c:/program files/eclipse/winavr/bin/../lib/gcc/avr/4.3.3/avr5\libgcc.a(_addsub_sf.o)
                              c:/program files/eclipse/winavr/bin/../lib/gcc/avr/4.3.3/avr5\libgcc.a(_fixunssfsi.o) (__subsf3)
c:/program files/eclipse/winavr/bin/../lib/gcc/avr/4.3.3/avr5\libgcc.a(_mul_sf.o)
                              ./Khaled_El-Sayed/COTS/02-HAL/Stepper_Motor/Stepper_Motor_Program.o (__mulsf3)
c:/program files/eclipse/winavr/bin/../lib/gcc/avr/4.3.3/avr5\libgcc.a(_gt_sf.o)
                              ./Khaled_El-Sayed/COTS/02-HAL/Stepper_Motor/Stepper_Motor_Program.o (__gtsf2)
c:/program files/eclipse/winavr/bin/../lib/gcc/avr/4.3.3/avr5\libgcc.a(_ge_sf.o)
                              c:/program files/eclipse/winavr/bin/../lib/gcc/avr/4.3.3/avr5\libgcc.a(_fixunssfsi.o) (__gesf2)
c:/program files/eclipse/winavr/bin/../lib/gcc/avr/4.3.3/avr5\libgcc.a(_lt_sf.o)
                              ./Khaled_El-Sayed/COTS/02-HAL/Stepper_Motor/Stepper_Motor_Program.o (__ltsf2)
c:/program files/eclipse/winavr/bin/../lib/gcc/avr/4.3.3/avr5\libgcc.a(_sf_to_si.o)
                              c:/program files/eclipse/winavr/bin/../lib/gcc/avr/4.3.3/avr5\libgcc.a(_fixunssfsi.o) (__fixsfsi)
c:/program files/eclipse/winavr/bin/../lib/gcc/avr/4.3.3/avr5\libgcc.a(_thenan_sf.o)
                              c:/program files/eclipse/winavr/bin/../lib/gcc/avr/4.3.3/avr5\libgcc.a(_addsub_sf.o) (__thenan_sf)
c:/program files/eclipse/winavr/bin/../lib/gcc/avr/4.3.3/avr5\libgcc.a(_usi_to_sf.o)
                              ./Khaled_El-Sayed/COTS/02-HAL/Seven_Segment/Seven_Segment_Program.o (__floatunsisf)
c:/program files/eclipse/winavr/bin/../lib/gcc/avr/4.3.3/avr5\libgcc.a(_prologue.o)
                              c:/program files/eclipse/winavr/bin/../lib/gcc/avr/4.3.3/avr5\libgcc.a(_addsub_sf.o) (__prologue_saves__)
c:/program files/eclipse/winavr/bin/../lib/gcc/avr/4.3.3/avr5\libgcc.a(_epilogue.o)
                              c:/program files/eclipse/winavr/bin/../lib/gcc/avr/4.3.3/avr5\libgcc.a(_addsub_sf.o) (__epilogue_restores__)
c:/program files/eclipse/winavr/bin/../lib/gcc/avr/4.3.3/avr5\libgcc.a(_clzsi2.o)
                              c:/program files/eclipse/winavr/bin/../lib/gcc/avr/4.3.3/avr5\libgcc.a(_usi_to_sf.o) (__clzsi2)
c:/program files/eclipse/winavr/bin/../lib/gcc/avr/4.3.3/avr5\libgcc.a(_pack_sf.o)
                              c:/program files/eclipse/winavr/bin/../lib/gcc/avr/4.3.3/avr5\libgcc.a(_addsub_sf.o) (__pack_f)
c:/program files/eclipse/winavr/bin/../lib/gcc/avr/4.3.3/avr5\libgcc.a(_unpack_sf.o)
                              c:/program files/eclipse/winavr/bin/../lib/gcc/avr/4.3.3/avr5\libgcc.a(_addsub_sf.o) (__unpack_f)
c:/program files/eclipse/winavr/bin/../lib/gcc/avr/4.3.3/avr5\libgcc.a(_fpcmp_parts_sf.o)
                              c:/program files/eclipse/winavr/bin/../lib/gcc/avr/4.3.3/avr5\libgcc.a(_gt_sf.o) (__fpcmp_parts_f)
c:/program files/eclipse/winavr/bin/../lib/gcc/avr/4.3.3/avr5\libgcc.a(_clz.o)
                              c:/program files/eclipse/winavr/bin/../lib/gcc/avr/4.3.3/avr5\libgcc.a(_clzsi2.o) (__clz_tab)
c:/program files/eclipse/winavr/bin/../lib/gcc/avr/4.3.3/../../../../avr/lib/avr5\libc.a(itoa.o)
                              ./Main.o (itoa)
c:/program files/eclipse/winavr/bin/../lib/gcc/avr/4.3.3/../../../../avr/lib/avr5\libc.a(strrev.o)
                              c:/program files/eclipse/winavr/bin/../lib/gcc/avr/4.3.3/../../../../avr/lib/avr5\libc.a(itoa.o) (strrev)
c:/program files/eclipse/winavr/bin/../lib/gcc/avr/4.3.3/avr5\libgcc.a(_udivmodhi4.o)
                              c:/program files/eclipse/winavr/bin/../lib/gcc/avr/4.3.3/../../../../avr/lib/avr5\libc.a(itoa.o) (__udivmodhi4)

Allocating common symbols
Common symbol       size              file

parking_data        0xc8              ./Main.o

Memory Configuration

Name             Origin             Length             Attributes
text             0x00000000         0x00020000         xr
data             0x00800060         0x0000ffa0         rw !x
eeprom           0x00810000         0x00010000         rw !x
fuse             0x00820000         0x00000400         rw !x
lock             0x00830000         0x00000400         rw !x
signature        0x00840000         0x00000400         rw !x
*default*        0x00000000         0xffffffff

Linker script and memory map

LOAD c:/program files/eclipse/winavr/bin/../lib/gcc/avr/4.3.3/../../../../avr/lib/avr5/crtm16.o
LOAD ./Khaled_El-Sayed/COTS/02-HAL/Stepper_Motor/Stepper_Motor_Program.o
LOAD ./Khaled_El-Sayed/COTS/02-HAL/Seven_Segment/Seven_Segment_Program.o
LOAD ./Khaled_El-Sayed/COTS/02-HAL/LCD/LCD_Program.o
LOAD ./Khaled_El-Sayed/COTS/02-HAL/Keypad/Keypad_Program.o
LOAD ./Khaled_El-Sayed/COTS/02-HAL/DC_Motor/DC_Motor_Program.o
LOAD ./Khaled_El-Sayed/COTS/01-MCAL/Timer/Timer_Program.o
LOAD ./Khaled_El-Sayed/COTS/01-MCAL/TWI/TWI_Program.o
LOAD ./Khaled_El-Sayed/COTS/01-MCAL/SPI/SPI_Program.o
LOAD ./Khaled_El-Sayed/COTS/01-MCAL/GIE/GIE_Program.o
LOAD ./Khaled_El-Sayed/COTS/01-MCAL/External_Interrupt/External_Interrupt_Program.o
LOAD ./Khaled_El-Sayed/COTS/01-MCAL/DIO/DIO_Program.o
LOAD ./Khaled_El-Sayed/COTS/01-MCAL/ADC/ADC_Program.o
LOAD ./Main.o
LOAD c:/program files/eclipse/winavr/bin/../lib/gcc/avr/4.3.3/avr5\libgcc.a
LOAD c:/program files/eclipse/winavr/bin/../lib/gcc/avr/4.3.3/../../../../avr/lib/avr5\libc.a
LOAD c:/program files/eclipse/winavr/bin/../lib/gcc/avr/4.3.3/avr5\libgcc.a

.hash
 *(.hash)

.dynsym
 *(.dynsym)

.dynstr
 *(.dynstr)

.gnu.version
 *(.gnu.version)

.gnu.version_d
 *(.gnu.version_d)

.gnu.version_r
 *(.gnu.version_r)

.rel.init
 *(.rel.init)

.rela.init
 *(.rela.init)

.rel.text
 *(.rel.text)
 *(.rel.text.*)
 *(.rel.gnu.linkonce.t*)

.rela.text
 *(.rela.text)
 *(.rela.text.*)
 *(.rela.gnu.linkonce.t*)

.rel.fini
 *(.rel.fini)

.rela.fini
 *(.rela.fini)

.rel.rodata
 *(.rel.rodata)
 *(.rel.rodata.*)
 *(.rel.gnu.linkonce.r*)

.rela.rodata
 *(.rela.rodata)
 *(.rela.rodata.*)
 *(.rela.gnu.linkonce.r*)

.rel.data
 *(.rel.data)
 *(.rel.data.*)
 *(.rel.gnu.linkonce.d*)

.rela.data
 *(.rela.data)
 *(.rela.data.*)
 *(.rela.gnu.linkonce.d*)

.rel.ctors
 *(.rel.ctors)

.rela.ctors
 *(.rela.ctors)

.rel.dtors
 *(.rel.dtors)

.rela.dtors
 *(.rela.dtors)

.rel.got
 *(.rel.got)

.rela.got
 *(.rela.got)

.rel.bss
 *(.rel.bss)

.rela.bss
 *(.rela.bss)

.rel.plt
 *(.rel.plt)

.rela.plt
 *(.rela.plt)

.text           0x00000000     0x4e16
 *(.vectors)
 .vectors       0x00000000       0x54 c:/program files/eclipse/winavr/bin/../lib/gcc/avr/4.3.3/../../../../avr/lib/avr5/crtm16.o
                0x00000000                __vectors
                0x00000000                __vector_default
 *(.vectors)
 *(.progmem.gcc*)
 *(.progmem*)
                0x00000054                . = ALIGN (0x2)
                0x00000054                __trampolines_start = .
 *(.trampolines)
 .trampolines   0x00000054        0x0 linker stubs
 *(.trampolines*)
                0x00000054                __trampolines_end = .
 *(.jumptables)
 *(.jumptables*)
 *(.lowtext)
 *(.lowtext*)
                0x00000054                __ctors_start = .
 *(.ctors)
                0x00000054                __ctors_end = .
                0x00000054                __dtors_start = .
 *(.dtors)
                0x00000054                __dtors_end = .
 SORT(*)(.ctors)
 SORT(*)(.dtors)
 *(.init0)
 .init0         0x00000054        0x0 c:/program files/eclipse/winavr/bin/../lib/gcc/avr/4.3.3/../../../../avr/lib/avr5/crtm16.o
                0x00000054                __init
 *(.init0)
 *(.init1)
 *(.init1)
 *(.init2)
 .init2         0x00000054        0xc c:/program files/eclipse/winavr/bin/../lib/gcc/avr/4.3.3/../../../../avr/lib/avr5/crtm16.o
 *(.init2)
 *(.init3)
 *(.init3)
 *(.init4)
 .init4         0x00000060       0x16 c:/program files/eclipse/winavr/bin/../lib/gcc/avr/4.3.3/avr5\libgcc.a(_copy_data.o)
                0x00000060                __do_copy_data
 .init4         0x00000076       0x10 c:/program files/eclipse/winavr/bin/../lib/gcc/avr/4.3.3/avr5\libgcc.a(_clear_bss.o)
                0x00000076                __do_clear_bss
 *(.init4)
 *(.init5)
 *(.init5)
 *(.init6)
 *(.init6)
 *(.init7)
 *(.init7)
 *(.init8)
 *(.init8)
 *(.init9)
 .init9         0x00000086        0x8 c:/program files/eclipse/winavr/bin/../lib/gcc/avr/4.3.3/../../../../avr/lib/avr5/crtm16.o
 *(.init9)
 *(.text)
 .text          0x0000008e        0x4 c:/program files/eclipse/winavr/bin/../lib/gcc/avr/4.3.3/../../../../avr/lib/avr5/crtm16.o
                0x0000008e                __vector_1
                0x0000008e                __bad_interrupt
                0x0000008e                __vector_6
                0x0000008e                __vector_3
                0x0000008e                __vector_13
                0x0000008e                __vector_17
                0x0000008e                __vector_19
                0x0000008e                __vector_7
                0x0000008e                __vector_5
                0x0000008e                __vector_4
                0x0000008e                __vector_9
                0x0000008e                __vector_2
                0x0000008e                __vector_15
                0x0000008e                __vector_8
                0x0000008e                __vector_14
                0x0000008e                __vector_16
                0x0000008e                __vector_18
                0x0000008e                __vector_20
 .text          0x00000092        0x0 ./Khaled_El-Sayed/COTS/02-HAL/Stepper_Motor/Stepper_Motor_Program.o
 .text          0x00000092        0x0 ./Khaled_El-Sayed/COTS/02-HAL/Seven_Segment/Seven_Segment_Program.o
 .text          0x00000092        0x0 ./Khaled_El-Sayed/COTS/02-HAL/LCD/LCD_Program.o
 .text          0x00000092        0x0 ./Khaled_El-Sayed/COTS/02-HAL/Keypad/Keypad_Program.o
 .text          0x00000092        0x0 ./Khaled_El-Sayed/COTS/02-HAL/DC_Motor/DC_Motor_Program.o
 .text          0x00000092        0x0 ./Khaled_El-Sayed/COTS/01-MCAL/Timer/Timer_Program.o
 .text          0x00000092        0x0 ./Khaled_El-Sayed/COTS/01-MCAL/TWI/TWI_Program.o
 .text          0x00000092        0x0 ./Khaled_El-Sayed/COTS/01-MCAL/SPI/SPI_Program.o
 .text          0x00000092        0x0 ./Khaled_El-Sayed/COTS/01-MCAL/GIE/GIE_Program.o
 .text          0x00000092        0x0 ./Khaled_El-Sayed/COTS/01-MCAL/External_Interrupt/External_Interrupt_Program.o
 .text          0x00000092        0x0 ./Khaled_El-Sayed/COTS/01-MCAL/DIO/DIO_Program.o
 .text          0x00000092        0x0 ./Khaled_El-Sayed/COTS/01-MCAL/ADC/ADC_Program.o
 .text          0x00000092        0x0 ./Main.o
 .text          0x00000092        0x0 c:/program files/eclipse/winavr/bin/../lib/gcc/avr/4.3.3/avr5\libgcc.a(_mulsi3.o)
 .text          0x00000092        0x0 c:/program files/eclipse/winavr/bin/../lib/gcc/avr/4.3.3/avr5\libgcc.a(_udivmodsi4.o)
 .text          0x00000092        0x0 c:/program files/eclipse/winavr/bin/../lib/gcc/avr/4.3.3/avr5\libgcc.a(_exit.o)
 .text          0x00000092        0x0 c:/program files/eclipse/winavr/bin/../lib/gcc/avr/4.3.3/avr5\libgcc.a(_copy_data.o)
 .text          0x00000092        0x0 c:/program files/eclipse/winavr/bin/../lib/gcc/avr/4.3.3/avr5\libgcc.a(_clear_bss.o)
 .text          0x00000092       0x58 c:/program files/eclipse/winavr/bin/../lib/gcc/avr/4.3.3/avr5\libgcc.a(_fixunssfsi.o)
                0x00000092                __fixunssfsi
 .text          0x000000ea      0x354 c:/program files/eclipse/winavr/bin/../lib/gcc/avr/4.3.3/avr5\libgcc.a(_addsub_sf.o)
                0x00000382                __subsf3
                0x000003e4                __addsf3
 .text          0x0000043e      0x1f4 c:/program files/eclipse/winavr/bin/../lib/gcc/avr/4.3.3/avr5\libgcc.a(_mul_sf.o)
                0x0000043e                __mulsf3
 .text          0x00000632       0x60 c:/program files/eclipse/winavr/bin/../lib/gcc/avr/4.3.3/avr5\libgcc.a(_gt_sf.o)
                0x00000632                __gtsf2
 .text          0x00000692       0x60 c:/program files/eclipse/winavr/bin/../lib/gcc/avr/4.3.3/avr5\libgcc.a(_ge_sf.o)
                0x00000692                __gesf2
 .text          0x000006f2       0x60 c:/program files/eclipse/winavr/bin/../lib/gcc/avr/4.3.3/avr5\libgcc.a(_lt_sf.o)
                0x000006f2                __ltsf2
 .text          0x00000752       0xa8 c:/program files/eclipse/winavr/bin/../lib/gcc/avr/4.3.3/avr5\libgcc.a(_sf_to_si.o)
                0x00000752                __fixsfsi
 .text          0x000007fa        0x0 c:/program files/eclipse/winavr/bin/../lib/gcc/avr/4.3.3/avr5\libgcc.a(_thenan_sf.o)
 .text          0x000007fa       0xf2 c:/program files/eclipse/winavr/bin/../lib/gcc/avr/4.3.3/avr5\libgcc.a(_usi_to_sf.o)
                0x000007fa                __floatunsisf
 .text          0x000008ec        0x0 c:/program files/eclipse/winavr/bin/../lib/gcc/avr/4.3.3/avr5\libgcc.a(_prologue.o)
 .text          0x000008ec        0x0 c:/program files/eclipse/winavr/bin/../lib/gcc/avr/4.3.3/avr5\libgcc.a(_epilogue.o)
 .text          0x000008ec       0x9e c:/program files/eclipse/winavr/bin/../lib/gcc/avr/4.3.3/avr5\libgcc.a(_clzsi2.o)
                0x000008ec                __clzsi2
 .text          0x0000098a      0x1aa c:/program files/eclipse/winavr/bin/../lib/gcc/avr/4.3.3/avr5\libgcc.a(_pack_sf.o)
                0x0000098a                __pack_f
 .text          0x00000b34       0xf0 c:/program files/eclipse/winavr/bin/../lib/gcc/avr/4.3.3/avr5\libgcc.a(_unpack_sf.o)
                0x00000b34                __unpack_f
 .text          0x00000c24       0xb2 c:/program files/eclipse/winavr/bin/../lib/gcc/avr/4.3.3/avr5\libgcc.a(_fpcmp_parts_sf.o)
                0x00000c24                __fpcmp_parts_f
 .text          0x00000cd6        0x0 c:/program files/eclipse/winavr/bin/../lib/gcc/avr/4.3.3/avr5\libgcc.a(_clz.o)
 .text          0x00000cd6        0x0 c:/program files/eclipse/winavr/bin/../lib/gcc/avr/4.3.3/../../../../avr/lib/avr5\libc.a(itoa.o)
 .text          0x00000cd6        0x0 c:/program files/eclipse/winavr/bin/../lib/gcc/avr/4.3.3/../../../../avr/lib/avr5\libc.a(strrev.o)
 .text          0x00000cd6        0x0 c:/program files/eclipse/winavr/bin/../lib/gcc/avr/4.3.3/avr5\libgcc.a(_udivmodhi4.o)
                0x00000cd6                . = ALIGN (0x2)
 *(.text.*)
 .text.Stepper_VidGo_Backward
                0x00000cd6      0x250 ./Khaled_El-Sayed/COTS/02-HAL/Stepper_Motor/Stepper_Motor_Program.o
                0x00000cd6                Stepper_VidGo_Backward
 .text.Stepper_VidGo_Forward_Micro
                0x00000f26      0x460 ./Khaled_El-Sayed/COTS/02-HAL/Stepper_Motor/Stepper_Motor_Program.o
                0x00000f26                Stepper_VidGo_Forward_Micro
 .text.Seven_Segment_VidSend_One_Number
                0x00001386       0x92 ./Khaled_El-Sayed/COTS/02-HAL/Seven_Segment/Seven_Segment_Program.o
                0x00001386                Seven_Segment_VidSend_One_Number
 .text.Seven_Segment_VidCount
                0x00001418      0x1a0 ./Khaled_El-Sayed/COTS/02-HAL/Seven_Segment/Seven_Segment_Program.o
                0x00001418                Seven_Segment_VidCount
 .text.Seven_Segment_VidSend_Two_Number
                0x000015b8       0xd6 ./Khaled_El-Sayed/COTS/02-HAL/Seven_Segment/Seven_Segment_Program.o
                0x000015b8                Seven_Segment_VidSend_Two_Number
 .text.Seven_Segment_VidSpecial_Character
                0x0000168e       0x26 ./Khaled_El-Sayed/COTS/02-HAL/Seven_Segment/Seven_Segment_Program.o
                0x0000168e                Seven_Segment_VidSpecial_Character
 .text.LCD_VidSend_Command
                0x000016b4      0x13c ./Khaled_El-Sayed/COTS/02-HAL/LCD/LCD_Program.o
                0x000016b4                LCD_VidSend_Command
 .text.LCD_VidSend_Data
                0x000017f0      0x13c ./Khaled_El-Sayed/COTS/02-HAL/LCD/LCD_Program.o
                0x000017f0                LCD_VidSend_Data
 .text.LCD_VidSet_Position
                0x0000192c       0x3c ./Khaled_El-Sayed/COTS/02-HAL/LCD/LCD_Program.o
                0x0000192c                LCD_VidSet_Position
 .text.LCD_VidSend_Special_Character
                0x00001968       0x76 ./Khaled_El-Sayed/COTS/02-HAL/LCD/LCD_Program.o
                0x00001968                LCD_VidSend_Special_Character
 .text.LCD_VidSend_String
                0x000019de       0x58 ./Khaled_El-Sayed/COTS/02-HAL/LCD/LCD_Program.o
                0x000019de                LCD_VidSend_String
 .text.LCD_VidClear
                0x00001a36       0x8e ./Khaled_El-Sayed/COTS/02-HAL/LCD/LCD_Program.o
                0x00001a36                LCD_VidClear
 .text.LCD_VidInitialization
                0x00001ac4      0x12c ./Khaled_El-Sayed/COTS/02-HAL/LCD/LCD_Program.o
                0x00001ac4                LCD_VidInitialization
 .text.Keypad_u8Get_Pressed_Key
                0x00001bf0      0x18e ./Khaled_El-Sayed/COTS/02-HAL/Keypad/Keypad_Program.o
                0x00001bf0                Keypad_u8Get_Pressed_Key
 .text.Keypad_u8Get_Pressed_Key_Wait
                0x00001d7e      0x188 ./Khaled_El-Sayed/COTS/02-HAL/Keypad/Keypad_Program.o
                0x00001d7e                Keypad_u8Get_Pressed_Key_Wait
 .text.Keypad_VidInitialization
                0x00001f06       0x36 ./Khaled_El-Sayed/COTS/02-HAL/Keypad/Keypad_Program.o
                0x00001f06                Keypad_VidInitialization
 .text.Motor_VidGo_Forward
                0x00001f3c       0xb6 ./Khaled_El-Sayed/COTS/02-HAL/DC_Motor/DC_Motor_Program.o
                0x00001f3c                Motor_VidGo_Forward
 .text.Motor_VidGo_Backward
                0x00001ff2       0xb6 ./Khaled_El-Sayed/COTS/02-HAL/DC_Motor/DC_Motor_Program.o
                0x00001ff2                Motor_VidGo_Backward
 .text.Motor_VidStop
                0x000020a8       0xb6 ./Khaled_El-Sayed/COTS/02-HAL/DC_Motor/DC_Motor_Program.o
                0x000020a8                Motor_VidStop
 .text.Timer_0_VidInitialization
                0x0000215e      0x32e ./Khaled_El-Sayed/COTS/01-MCAL/Timer/Timer_Program.o
                0x0000215e                Timer_0_VidInitialization
 .text.Timer_VidPwm_Duty_Cycle
                0x0000248c       0xa0 ./Khaled_El-Sayed/COTS/01-MCAL/Timer/Timer_Program.o
                0x0000248c                Timer_VidPwm_Duty_Cycle
 .text.Timer_0_VidOverflow_Inturrept
                0x0000252c       0x2c ./Khaled_El-Sayed/COTS/01-MCAL/Timer/Timer_Program.o
                0x0000252c                Timer_0_VidOverflow_Inturrept
 .text.__vector_11
                0x00002558       0x66 ./Khaled_El-Sayed/COTS/01-MCAL/Timer/Timer_Program.o
                0x00002558                __vector_11
 .text.Timer_0_VidCompare_Match_Inturrept
                0x000025be       0x2c ./Khaled_El-Sayed/COTS/01-MCAL/Timer/Timer_Program.o
                0x000025be                Timer_0_VidCompare_Match_Inturrept
 .text.__vector_10
                0x000025ea       0x66 ./Khaled_El-Sayed/COTS/01-MCAL/Timer/Timer_Program.o
                0x000025ea                __vector_10
 .text.TWI_VidInitialization
                0x00002650       0x60 ./Khaled_El-Sayed/COTS/01-MCAL/TWI/TWI_Program.o
                0x00002650                TWI_VidInitialization
 .text.TWI_VidStart
                0x000026b0       0x7a ./Khaled_El-Sayed/COTS/01-MCAL/TWI/TWI_Program.o
                0x000026b0                TWI_VidStart
 .text.TWI_VidSend_Data
                0x0000272a       0x34 ./Khaled_El-Sayed/COTS/01-MCAL/TWI/TWI_Program.o
                0x0000272a                TWI_VidSend_Data
 .text.TWI_VidRead_Data
                0x0000275e       0x3c ./Khaled_El-Sayed/COTS/01-MCAL/TWI/TWI_Program.o
                0x0000275e                TWI_VidRead_Data
 .text.TWI_VidStop
                0x0000279a       0x2a ./Khaled_El-Sayed/COTS/01-MCAL/TWI/TWI_Program.o
                0x0000279a                TWI_VidStop
 .text.SPI_VidInitialization
                0x000027c4       0xd6 ./Khaled_El-Sayed/COTS/01-MCAL/SPI/SPI_Program.o
                0x000027c4                SPI_VidInitialization
 .text.SPI_VidSend_Receive
                0x0000289a       0x3c ./Khaled_El-Sayed/COTS/01-MCAL/SPI/SPI_Program.o
                0x0000289a                SPI_VidSend_Receive
 .text.SPI_VidInturrept
                0x000028d6       0x2c ./Khaled_El-Sayed/COTS/01-MCAL/SPI/SPI_Program.o
                0x000028d6                SPI_VidInturrept
 .text.__vector_12
                0x00002902       0x66 ./Khaled_El-Sayed/COTS/01-MCAL/SPI/SPI_Program.o
                0x00002902                __vector_12
 .text.GIE_VidEnable
                0x00002968       0x1c ./Khaled_El-Sayed/COTS/01-MCAL/GIE/GIE_Program.o
                0x00002968                GIE_VidEnable
 .text.GIE_VidDisable
                0x00002984       0x1c ./Khaled_El-Sayed/COTS/01-MCAL/GIE/GIE_Program.o
                0x00002984                GIE_VidDisable
 .text.External_Interrupt_0_VidInitialization
                0x000029a0       0x38 ./Khaled_El-Sayed/COTS/01-MCAL/External_Interrupt/External_Interrupt_Program.o
                0x000029a0                External_Interrupt_0_VidInitialization
 .text.External_Interrupt_1_VidInitialization
                0x000029d8       0x38 ./Khaled_El-Sayed/COTS/01-MCAL/External_Interrupt/External_Interrupt_Program.o
                0x000029d8                External_Interrupt_1_VidInitialization
 .text.External_Interrupt_2_VidInitialization
                0x00002a10       0x2a ./Khaled_El-Sayed/COTS/01-MCAL/External_Interrupt/External_Interrupt_Program.o
                0x00002a10                External_Interrupt_2_VidInitialization
 .text.DIO_VidSet_Pin_Direction
                0x00002a3a      0x200 ./Khaled_El-Sayed/COTS/01-MCAL/DIO/DIO_Program.o
                0x00002a3a                DIO_VidSet_Pin_Direction
 .text.DIO_VidInternal_Pin_Bull_Up
                0x00002c3a       0xfa ./Khaled_El-Sayed/COTS/01-MCAL/DIO/DIO_Program.o
                0x00002c3a                DIO_VidInternal_Pin_Bull_Up
 .text.DIO_VidSet_Pin_Value
                0x00002d34      0x200 ./Khaled_El-Sayed/COTS/01-MCAL/DIO/DIO_Program.o
                0x00002d34                DIO_VidSet_Pin_Value
 .text.DIO_VidToggle_Pin_Value
                0x00002f34       0xfa ./Khaled_El-Sayed/COTS/01-MCAL/DIO/DIO_Program.o
                0x00002f34                DIO_VidToggle_Pin_Value
 .text.DIO_VidGet_Pin_Value
                0x0000302e      0x108 ./Khaled_El-Sayed/COTS/01-MCAL/DIO/DIO_Program.o
                0x0000302e                DIO_VidGet_Pin_Value
 .text.DIO_VidSet_Whole_Port_Direction
                0x00003136      0x12a ./Khaled_El-Sayed/COTS/01-MCAL/DIO/DIO_Program.o
                0x00003136                DIO_VidSet_Whole_Port_Direction
 .text.DIO_VidSet_Port_Direction
                0x00003260       0x82 ./Khaled_El-Sayed/COTS/01-MCAL/DIO/DIO_Program.o
                0x00003260                DIO_VidSet_Port_Direction
 .text.DIO_VidInternal_Port_Bull_Up
                0x000032e2       0x7e ./Khaled_El-Sayed/COTS/01-MCAL/DIO/DIO_Program.o
                0x000032e2                DIO_VidInternal_Port_Bull_Up
 .text.DIO_VidSet_Port_Value
                0x00003360       0x82 ./Khaled_El-Sayed/COTS/01-MCAL/DIO/DIO_Program.o
                0x00003360                DIO_VidSet_Port_Value
 .text.DIO_VidToggle_Port_Value
                0x000033e2       0x96 ./Khaled_El-Sayed/COTS/01-MCAL/DIO/DIO_Program.o
                0x000033e2                DIO_VidToggle_Port_Value
 .text.DIO_VidGet_Port_Value
                0x00003478       0x98 ./Khaled_El-Sayed/COTS/01-MCAL/DIO/DIO_Program.o
                0x00003478                DIO_VidGet_Port_Value
 .text.ADC_VidInitialization
                0x00003510       0x70 ./Khaled_El-Sayed/COTS/01-MCAL/ADC/ADC_Program.o
                0x00003510                ADC_VidInitialization
 .text.ADC_VidSync_Reading
                0x00003580       0x7a ./Khaled_El-Sayed/COTS/01-MCAL/ADC/ADC_Program.o
                0x00003580                ADC_VidSync_Reading
 .text.ADC_VidAsync_Reading
                0x000035fa       0x7a ./Khaled_El-Sayed/COTS/01-MCAL/ADC/ADC_Program.o
                0x000035fa                ADC_VidAsync_Reading
 .text.ADC_VidAsync_Mapped_Reading
                0x00003674      0x102 ./Khaled_El-Sayed/COTS/01-MCAL/ADC/ADC_Program.o
                0x00003674                ADC_VidAsync_Mapped_Reading
 .text.main     0x00003776       0x16 ./Main.o
                0x00003776                main
 .text.User_Select_u8
                0x0000378c      0x324 ./Main.o
                0x0000378c                User_Select_u8
 .text.Admin_u8
                0x00003ab0      0x302 ./Main.o
                0x00003ab0                Admin_u8
 .text.Active_Cars_Vid
                0x00003db2      0x422 ./Main.o
                0x00003db2                Active_Cars_Vid
 .text.User_Vid
                0x000041d4      0x30e ./Main.o
                0x000041d4                User_Vid
 .text.New_User_Vid
                0x000044e2      0x338 ./Main.o
                0x000044e2                New_User_Vid
 .text.ID_Check_u8
                0x0000481a       0x74 ./Main.o
                0x0000481a                ID_Check_u8
 .text.Password_u8
                0x0000488e      0x40a ./Main.o
                0x0000488e                Password_u8
 .text.libgcc   0x00004c98       0x3e c:/program files/eclipse/winavr/bin/../lib/gcc/avr/4.3.3/avr5\libgcc.a(_mulsi3.o)
                0x00004c98                __mulsi3
 .text.libgcc   0x00004cd6       0x44 c:/program files/eclipse/winavr/bin/../lib/gcc/avr/4.3.3/avr5\libgcc.a(_udivmodsi4.o)
                0x00004cd6                __udivmodsi4
 .text.libgcc   0x00004d1a        0x0 c:/program files/eclipse/winavr/bin/../lib/gcc/avr/4.3.3/avr5\libgcc.a(_exit.o)
 .text.libgcc   0x00004d1a        0x0 c:/program files/eclipse/winavr/bin/../lib/gcc/avr/4.3.3/avr5\libgcc.a(_copy_data.o)
 .text.libgcc   0x00004d1a        0x0 c:/program files/eclipse/winavr/bin/../lib/gcc/avr/4.3.3/avr5\libgcc.a(_clear_bss.o)
 .text.libgcc   0x00004d1a       0x38 c:/program files/eclipse/winavr/bin/../lib/gcc/avr/4.3.3/avr5\libgcc.a(_prologue.o)
                0x00004d1a                __prologue_saves__
 .text.libgcc   0x00004d52       0x36 c:/program files/eclipse/winavr/bin/../lib/gcc/avr/4.3.3/avr5\libgcc.a(_epilogue.o)
                0x00004d52                __epilogue_restores__
 .text.avr-libc
                0x00004d88       0x42 c:/program files/eclipse/winavr/bin/../lib/gcc/avr/4.3.3/../../../../avr/lib/avr5\libc.a(itoa.o)
                0x00004d88                itoa
 .text.avr-libc
                0x00004dca       0x20 c:/program files/eclipse/winavr/bin/../lib/gcc/avr/4.3.3/../../../../avr/lib/avr5\libc.a(strrev.o)
                0x00004dca                strrev
 .text.libgcc   0x00004dea       0x28 c:/program files/eclipse/winavr/bin/../lib/gcc/avr/4.3.3/avr5\libgcc.a(_udivmodhi4.o)
                0x00004dea                __udivmodhi4
                0x00004e12                . = ALIGN (0x2)
 *(.fini9)
 .fini9         0x00004e12        0x0 c:/program files/eclipse/winavr/bin/../lib/gcc/avr/4.3.3/avr5\libgcc.a(_exit.o)
                0x00004e12                exit
                0x00004e12                _exit
 *(.fini9)
 *(.fini8)
 *(.fini8)
 *(.fini7)
 *(.fini7)
 *(.fini6)
 *(.fini6)
 *(.fini5)
 *(.fini5)
 *(.fini4)
 *(.fini4)
 *(.fini3)
 *(.fini3)
 *(.fini2)
 *(.fini2)
 *(.fini1)
 *(.fini1)
 *(.fini0)
 .fini0         0x00004e12        0x4 c:/program files/eclipse/winavr/bin/../lib/gcc/avr/4.3.3/avr5\libgcc.a(_exit.o)
 *(.fini0)
                0x00004e16                _etext = .

.data           0x00800060      0x258 load address 0x00004e16
                0x00800060                PROVIDE (__data_start, .)
 *(.data)
 .data          0x00800060        0x0 c:/program files/eclipse/winavr/bin/../lib/gcc/avr/4.3.3/../../../../avr/lib/avr5/crtm16.o
 .data          0x00800060        0x0 ./Khaled_El-Sayed/COTS/02-HAL/Stepper_Motor/Stepper_Motor_Program.o
 .data          0x00800060        0x0 ./Khaled_El-Sayed/COTS/02-HAL/Seven_Segment/Seven_Segment_Program.o
 .data          0x00800060       0x11 ./Khaled_El-Sayed/COTS/02-HAL/LCD/LCD_Program.o
 .data          0x00800071        0x0 ./Khaled_El-Sayed/COTS/02-HAL/Keypad/Keypad_Program.o
 .data          0x00800071        0x0 ./Khaled_El-Sayed/COTS/02-HAL/DC_Motor/DC_Motor_Program.o
 .data          0x00800071        0x0 ./Khaled_El-Sayed/COTS/01-MCAL/Timer/Timer_Program.o
 .data          0x00800071        0x0 ./Khaled_El-Sayed/COTS/01-MCAL/TWI/TWI_Program.o
 .data          0x00800071        0x0 ./Khaled_El-Sayed/COTS/01-MCAL/SPI/SPI_Program.o
 .data          0x00800071        0x0 ./Khaled_El-Sayed/COTS/01-MCAL/GIE/GIE_Program.o
 .data          0x00800071        0x0 ./Khaled_El-Sayed/COTS/01-MCAL/External_Interrupt/External_Interrupt_Program.o
 .data          0x00800071        0x0 ./Khaled_El-Sayed/COTS/01-MCAL/DIO/DIO_Program.o
 .data          0x00800071        0x0 ./Khaled_El-Sayed/COTS/01-MCAL/ADC/ADC_Program.o
 .data          0x00800071      0x100 ./Main.o
 .data          0x00800171        0x0 c:/program files/eclipse/winavr/bin/../lib/gcc/avr/4.3.3/avr5\libgcc.a(_mulsi3.o)
 .data          0x00800171        0x0 c:/program files/eclipse/winavr/bin/../lib/gcc/avr/4.3.3/avr5\libgcc.a(_udivmodsi4.o)
 .data          0x00800171        0x0 c:/program files/eclipse/winavr/bin/../lib/gcc/avr/4.3.3/avr5\libgcc.a(_exit.o)
 .data          0x00800171        0x0 c:/program files/eclipse/winavr/bin/../lib/gcc/avr/4.3.3/avr5\libgcc.a(_copy_data.o)
 .data          0x00800171        0x0 c:/program files/eclipse/winavr/bin/../lib/gcc/avr/4.3.3/avr5\libgcc.a(_clear_bss.o)
 .data          0x00800171        0x0 c:/program files/eclipse/winavr/bin/../lib/gcc/avr/4.3.3/avr5\libgcc.a(_fixunssfsi.o)
 .data          0x00800171        0x0 c:/program files/eclipse/winavr/bin/../lib/gcc/avr/4.3.3/avr5\libgcc.a(_addsub_sf.o)
 .data          0x00800171        0x0 c:/program files/eclipse/winavr/bin/../lib/gcc/avr/4.3.3/avr5\libgcc.a(_mul_sf.o)
 .data          0x00800171        0x0 c:/program files/eclipse/winavr/bin/../lib/gcc/avr/4.3.3/avr5\libgcc.a(_gt_sf.o)
 .data          0x00800171        0x0 c:/program files/eclipse/winavr/bin/../lib/gcc/avr/4.3.3/avr5\libgcc.a(_ge_sf.o)
 .data          0x00800171        0x0 c:/program files/eclipse/winavr/bin/../lib/gcc/avr/4.3.3/avr5\libgcc.a(_lt_sf.o)
 .data          0x00800171        0x0 c:/program files/eclipse/winavr/bin/../lib/gcc/avr/4.3.3/avr5\libgcc.a(_sf_to_si.o)
 .data          0x00800171        0x8 c:/program files/eclipse/winavr/bin/../lib/gcc/avr/4.3.3/avr5\libgcc.a(_thenan_sf.o)
                0x00800171                __thenan_sf
 .data          0x00800179        0x0 c:/program files/eclipse/winavr/bin/../lib/gcc/avr/4.3.3/avr5\libgcc.a(_usi_to_sf.o)
 .data          0x00800179        0x0 c:/program files/eclipse/winavr/bin/../lib/gcc/avr/4.3.3/avr5\libgcc.a(_prologue.o)
 .data          0x00800179        0x0 c:/program files/eclipse/winavr/bin/../lib/gcc/avr/4.3.3/avr5\libgcc.a(_epilogue.o)
 .data          0x00800179        0x0 c:/program files/eclipse/winavr/bin/../lib/gcc/avr/4.3.3/avr5\libgcc.a(_clzsi2.o)
 .data          0x00800179        0x0 c:/program files/eclipse/winavr/bin/../lib/gcc/avr/4.3.3/avr5\libgcc.a(_pack_sf.o)
 .data          0x00800179        0x0 c:/program files/eclipse/winavr/bin/../lib/gcc/avr/4.3.3/avr5\libgcc.a(_unpack_sf.o)
 .data          0x00800179        0x0 c:/program files/eclipse/winavr/bin/../lib/gcc/avr/4.3.3/avr5\libgcc.a(_fpcmp_parts_sf.o)
 .data          0x00800179      0x100 c:/program files/eclipse/winavr/bin/../lib/gcc/avr/4.3.3/avr5\libgcc.a(_clz.o)
                0x00800179                __clz_tab
 .data          0x00800279        0x0 c:/program files/eclipse/winavr/bin/../lib/gcc/avr/4.3.3/../../../../avr/lib/avr5\libc.a(itoa.o)
 .data          0x00800279        0x0 c:/program files/eclipse/winavr/bin/../lib/gcc/avr/4.3.3/../../../../avr/lib/avr5\libc.a(strrev.o)
 .data          0x00800279        0x0 c:/program files/eclipse/winavr/bin/../lib/gcc/avr/4.3.3/avr5\libgcc.a(_udivmodhi4.o)
 *(.data*)
 *(.rodata)
 *(.rodata*)
 .rodata.C.0.1338
                0x00800279        0xa ./Khaled_El-Sayed/COTS/02-HAL/Seven_Segment/Seven_Segment_Program.o
 .rodata.C.1.1352
                0x00800283        0xa ./Khaled_El-Sayed/COTS/02-HAL/Seven_Segment/Seven_Segment_Program.o
 .rodata.C.2.1377
                0x0080028d        0xa ./Khaled_El-Sayed/COTS/02-HAL/Seven_Segment/Seven_Segment_Program.o
 .rodata.C.0.1275
                0x00800297       0x10 ./Khaled_El-Sayed/COTS/02-HAL/Keypad/Keypad_Program.o
 .rodata.C.3.1313
                0x008002a7       0x10 ./Khaled_El-Sayed/COTS/02-HAL/Keypad/Keypad_Program.o
 *(.gnu.linkonce.d*)
                0x008002b8                . = ALIGN (0x2)
 *fill*         0x008002b7        0x1 00
                0x008002b8                _edata = .
                0x008002b8                PROVIDE (__data_end, .)

.bss            0x008002b8       0xcf
                0x008002b8                PROVIDE (__bss_start, .)
 *(.bss)
 .bss           0x008002b8        0x0 c:/program files/eclipse/winavr/bin/../lib/gcc/avr/4.3.3/../../../../avr/lib/avr5/crtm16.o
 .bss           0x008002b8        0x0 ./Khaled_El-Sayed/COTS/02-HAL/Stepper_Motor/Stepper_Motor_Program.o
 .bss           0x008002b8        0x0 ./Khaled_El-Sayed/COTS/02-HAL/Seven_Segment/Seven_Segment_Program.o
 .bss           0x008002b8        0x0 ./Khaled_El-Sayed/COTS/02-HAL/LCD/LCD_Program.o
 .bss           0x008002b8        0x0 ./Khaled_El-Sayed/COTS/02-HAL/Keypad/Keypad_Program.o
 .bss           0x008002b8        0x0 ./Khaled_El-Sayed/COTS/02-HAL/DC_Motor/DC_Motor_Program.o
 .bss           0x008002b8        0x0 ./Khaled_El-Sayed/COTS/01-MCAL/Timer/Timer_Program.o
 .bss           0x008002b8        0x0 ./Khaled_El-Sayed/COTS/01-MCAL/TWI/TWI_Program.o
 .bss           0x008002b8        0x0 ./Khaled_El-Sayed/COTS/01-MCAL/SPI/SPI_Program.o
 .bss           0x008002b8        0x0 ./Khaled_El-Sayed/COTS/01-MCAL/GIE/GIE_Program.o
 .bss           0x008002b8        0x0 ./Khaled_El-Sayed/COTS/01-MCAL/External_Interrupt/External_Interrupt_Program.o
 .bss           0x008002b8        0x0 ./Khaled_El-Sayed/COTS/01-MCAL/DIO/DIO_Program.o
 .bss           0x008002b8        0x0 ./Khaled_El-Sayed/COTS/01-MCAL/ADC/ADC_Program.o
 .bss           0x008002b8        0x0 ./Main.o
 .bss           0x008002b8        0x0 c:/program files/eclipse/winavr/bin/../lib/gcc/avr/4.3.3/avr5\libgcc.a(_mulsi3.o)
 .bss           0x008002b8        0x0 c:/program files/eclipse/winavr/bin/../lib/gcc/avr/4.3.3/avr5\libgcc.a(_udivmodsi4.o)
 .bss           0x008002b8        0x0 c:/program files/eclipse/winavr/bin/../lib/gcc/avr/4.3.3/avr5\libgcc.a(_exit.o)
 .bss           0x008002b8        0x0 c:/program files/eclipse/winavr/bin/../lib/gcc/avr/4.3.3/avr5\libgcc.a(_copy_data.o)
 .bss           0x008002b8        0x0 c:/program files/eclipse/winavr/bin/../lib/gcc/avr/4.3.3/avr5\libgcc.a(_clear_bss.o)
 .bss           0x008002b8        0x0 c:/program files/eclipse/winavr/bin/../lib/gcc/avr/4.3.3/avr5\libgcc.a(_fixunssfsi.o)
 .bss           0x008002b8        0x0 c:/program files/eclipse/winavr/bin/../lib/gcc/avr/4.3.3/avr5\libgcc.a(_addsub_sf.o)
 .bss           0x008002b8        0x0 c:/program files/eclipse/winavr/bin/../lib/gcc/avr/4.3.3/avr5\libgcc.a(_mul_sf.o)
 .bss           0x008002b8        0x0 c:/program files/eclipse/winavr/bin/../lib/gcc/avr/4.3.3/avr5\libgcc.a(_gt_sf.o)
 .bss           0x008002b8        0x0 c:/program files/eclipse/winavr/bin/../lib/gcc/avr/4.3.3/avr5\libgcc.a(_ge_sf.o)
 .bss           0x008002b8        0x0 c:/program files/eclipse/winavr/bin/../lib/gcc/avr/4.3.3/avr5\libgcc.a(_lt_sf.o)
 .bss           0x008002b8        0x0 c:/program files/eclipse/winavr/bin/../lib/gcc/avr/4.3.3/avr5\libgcc.a(_sf_to_si.o)
 .bss           0x008002b8        0x0 c:/program files/eclipse/winavr/bin/../lib/gcc/avr/4.3.3/avr5\libgcc.a(_thenan_sf.o)
 .bss           0x008002b8        0x0 c:/program files/eclipse/winavr/bin/../lib/gcc/avr/4.3.3/avr5\libgcc.a(_usi_to_sf.o)
 .bss           0x008002b8        0x0 c:/program files/eclipse/winavr/bin/../lib/gcc/avr/4.3.3/avr5\libgcc.a(_prologue.o)
 .bss           0x008002b8        0x0 c:/program files/eclipse/winavr/bin/../lib/gcc/avr/4.3.3/avr5\libgcc.a(_epilogue.o)
 .bss           0x008002b8        0x0 c:/program files/eclipse/winavr/bin/../lib/gcc/avr/4.3.3/avr5\libgcc.a(_clzsi2.o)
 .bss           0x008002b8        0x0 c:/program files/eclipse/winavr/bin/../lib/gcc/avr/4.3.3/avr5\libgcc.a(_pack_sf.o)
 .bss           0x008002b8        0x0 c:/program files/eclipse/winavr/bin/../lib/gcc/avr/4.3.3/avr5\libgcc.a(_unpack_sf.o)
 .bss           0x008002b8        0x0 c:/program files/eclipse/winavr/bin/../lib/gcc/avr/4.3.3/avr5\libgcc.a(_fpcmp_parts_sf.o)
 .bss           0x008002b8        0x0 c:/program files/eclipse/winavr/bin/../lib/gcc/avr/4.3.3/avr5\libgcc.a(_clz.o)
 .bss           0x008002b8        0x0 c:/program files/eclipse/winavr/bin/../lib/gcc/avr/4.3.3/../../../../avr/lib/avr5\libc.a(itoa.o)
 .bss           0x008002b8        0x0 c:/program files/eclipse/winavr/bin/../lib/gcc/avr/4.3.3/../../../../avr/lib/avr5\libc.a(strrev.o)
 .bss           0x008002b8        0x0 c:/program files/eclipse/winavr/bin/../lib/gcc/avr/4.3.3/avr5\libgcc.a(_udivmodhi4.o)
 *(.bss*)
 .bss.Timer_0_Overflow_Inturrept_Function
                0x008002b8        0x2 ./Khaled_El-Sayed/COTS/01-MCAL/Timer/Timer_Program.o
 .bss.Timer_0_Compare_Match_Inturrept_Function
                0x008002ba        0x2 ./Khaled_El-Sayed/COTS/01-MCAL/Timer/Timer_Program.o
 .bss.SPI_Inturrept_Function
                0x008002bc        0x2 ./Khaled_El-Sayed/COTS/01-MCAL/SPI/SPI_Program.o
 .bss.Global_Counter
                0x008002be        0x1 ./Main.o
                0x008002be                Global_Counter
 *(COMMON)
 COMMON         0x008002bf       0xc8 ./Main.o
                0x008002bf                parking_data
                0x00800387                PROVIDE (__bss_end, .)
                0x00004e16                __data_load_start = LOADADDR (.data)
                0x0000506e                __data_load_end = (__data_load_start + SIZEOF (.data))

.noinit         0x00800387        0x0
                0x00800387                PROVIDE (__noinit_start, .)
 *(.noinit*)
                0x00800387                PROVIDE (__noinit_end, .)
                0x00800387                _end = .
                0x00800387                PROVIDE (__heap_start, .)

.eeprom         0x00810000        0x0
 *(.eeprom*)
                0x00810000                __eeprom_end = .

.fuse
 *(.fuse)
 *(.lfuse)
 *(.hfuse)
 *(.efuse)

.lock
 *(.lock*)

.signature
 *(.signature*)

.stab           0x00000000     0x4ad0
 *(.stab)
 .stab          0x00000000      0x948 ./Khaled_El-Sayed/COTS/02-HAL/Stepper_Motor/Stepper_Motor_Program.o
 .stab          0x00000948      0x4d4 ./Khaled_El-Sayed/COTS/02-HAL/Seven_Segment/Seven_Segment_Program.o
                                0x678 (size before relaxing)
 .stab          0x00000e1c      0x738 ./Khaled_El-Sayed/COTS/02-HAL/LCD/LCD_Program.o
                                0x8dc (size before relaxing)
 .stab          0x00001554      0x504 ./Khaled_El-Sayed/COTS/02-HAL/Keypad/Keypad_Program.o
                                0x510 (size before relaxing)
 .stab          0x00001a58      0x3fc ./Khaled_El-Sayed/COTS/02-HAL/DC_Motor/DC_Motor_Program.o
                                0x408 (size before relaxing)
 .stab          0x00001e54      0x51c ./Khaled_El-Sayed/COTS/01-MCAL/Timer/Timer_Program.o
                                0x528 (size before relaxing)
 .stab          0x00002370      0x354 ./Khaled_El-Sayed/COTS/01-MCAL/TWI/TWI_Program.o
                                0x360 (size before relaxing)
 .stab          0x000026c4      0x330 ./Khaled_El-Sayed/COTS/01-MCAL/SPI/SPI_Program.o
                                0x33c (size before relaxing)
 .stab          0x000029f4      0x1b0 ./Khaled_El-Sayed/COTS/01-MCAL/GIE/GIE_Program.o
                                0x1bc (size before relaxing)
 .stab          0x00002ba4      0x21c ./Khaled_El-Sayed/COTS/01-MCAL/External_Interrupt/External_Interrupt_Program.o
                                0x228 (size before relaxing)
 .stab          0x00002dc0      0x7c8 ./Khaled_El-Sayed/COTS/01-MCAL/DIO/DIO_Program.o
                                0x7d4 (size before relaxing)
 .stab          0x00003588      0x39c ./Khaled_El-Sayed/COTS/01-MCAL/ADC/ADC_Program.o
                                0x3a8 (size before relaxing)
 .stab          0x00003924     0x11ac ./Main.o
                               0x13bc (size before relaxing)

.stabstr        0x00000000     0x27d8
 *(.stabstr)
 .stabstr       0x00000000     0x27d8 ./Khaled_El-Sayed/COTS/02-HAL/Stepper_Motor/Stepper_Motor_Program.o

.stab.excl
 *(.stab.excl)

.stab.exclstr
 *(.stab.exclstr)

.stab.index
 *(.stab.index)

.stab.indexstr
 *(.stab.indexstr)

.comment
 *(.comment)

.debug
 *(.debug)

.line
 *(.line)

.debug_srcinfo
 *(.debug_srcinfo)

.debug_sfnames
 *(.debug_sfnames)

.debug_aranges  0x00000000      0x180
 *(.debug_aranges)
 .debug_aranges
                0x00000000       0x20 c:/program files/eclipse/winavr/bin/../lib/gcc/avr/4.3.3/avr5\libgcc.a(_fixunssfsi.o)
 .debug_aranges
                0x00000020       0x20 c:/program files/eclipse/winavr/bin/../lib/gcc/avr/4.3.3/avr5\libgcc.a(_addsub_sf.o)
 .debug_aranges
                0x00000040       0x20 c:/program files/eclipse/winavr/bin/../lib/gcc/avr/4.3.3/avr5\libgcc.a(_mul_sf.o)
 .debug_aranges
                0x00000060       0x20 c:/program files/eclipse/winavr/bin/../lib/gcc/avr/4.3.3/avr5\libgcc.a(_gt_sf.o)
 .debug_aranges
                0x00000080       0x20 c:/program files/eclipse/winavr/bin/../lib/gcc/avr/4.3.3/avr5\libgcc.a(_ge_sf.o)
 .debug_aranges
                0x000000a0       0x20 c:/program files/eclipse/winavr/bin/../lib/gcc/avr/4.3.3/avr5\libgcc.a(_lt_sf.o)
 .debug_aranges
                0x000000c0       0x20 c:/program files/eclipse/winavr/bin/../lib/gcc/avr/4.3.3/avr5\libgcc.a(_sf_to_si.o)
 .debug_aranges
                0x000000e0       0x20 c:/program files/eclipse/winavr/bin/../lib/gcc/avr/4.3.3/avr5\libgcc.a(_usi_to_sf.o)
 .debug_aranges
                0x00000100       0x20 c:/program files/eclipse/winavr/bin/../lib/gcc/avr/4.3.3/avr5\libgcc.a(_clzsi2.o)
 .debug_aranges
                0x00000120       0x20 c:/program files/eclipse/winavr/bin/../lib/gcc/avr/4.3.3/avr5\libgcc.a(_pack_sf.o)
 .debug_aranges
                0x00000140       0x20 c:/program files/eclipse/winavr/bin/../lib/gcc/avr/4.3.3/avr5\libgcc.a(_unpack_sf.o)
 .debug_aranges
                0x00000160       0x20 c:/program files/eclipse/winavr/bin/../lib/gcc/avr/4.3.3/avr5\libgcc.a(_fpcmp_parts_sf.o)

.debug_pubnames
                0x00000000      0x1d3
 *(.debug_pubnames)
 .debug_pubnames
                0x00000000       0x23 c:/program files/eclipse/winavr/bin/../lib/gcc/avr/4.3.3/avr5\libgcc.a(_fixunssfsi.o)
 .debug_pubnames
                0x00000023       0x2c c:/program files/eclipse/winavr/bin/../lib/gcc/avr/4.3.3/avr5\libgcc.a(_addsub_sf.o)
 .debug_pubnames
                0x0000004f       0x1f c:/program files/eclipse/winavr/bin/../lib/gcc/avr/4.3.3/avr5\libgcc.a(_mul_sf.o)
 .debug_pubnames
                0x0000006e       0x1e c:/program files/eclipse/winavr/bin/../lib/gcc/avr/4.3.3/avr5\libgcc.a(_gt_sf.o)
 .debug_pubnames
                0x0000008c       0x1e c:/program files/eclipse/winavr/bin/../lib/gcc/avr/4.3.3/avr5\libgcc.a(_ge_sf.o)
 .debug_pubnames
                0x000000aa       0x1e c:/program files/eclipse/winavr/bin/../lib/gcc/avr/4.3.3/avr5\libgcc.a(_lt_sf.o)
 .debug_pubnames
                0x000000c8       0x20 c:/program files/eclipse/winavr/bin/../lib/gcc/avr/4.3.3/avr5\libgcc.a(_sf_to_si.o)
 .debug_pubnames
                0x000000e8       0x22 c:/program files/eclipse/winavr/bin/../lib/gcc/avr/4.3.3/avr5\libgcc.a(_thenan_sf.o)
 .debug_pubnames
                0x0000010a       0x24 c:/program files/eclipse/winavr/bin/../lib/gcc/avr/4.3.3/avr5\libgcc.a(_usi_to_sf.o)
 .debug_pubnames
                0x0000012e       0x1f c:/program files/eclipse/winavr/bin/../lib/gcc/avr/4.3.3/avr5\libgcc.a(_clzsi2.o)
 .debug_pubnames
                0x0000014d       0x1f c:/program files/eclipse/winavr/bin/../lib/gcc/avr/4.3.3/avr5\libgcc.a(_pack_sf.o)
 .debug_pubnames
                0x0000016c       0x21 c:/program files/eclipse/winavr/bin/../lib/gcc/avr/4.3.3/avr5\libgcc.a(_unpack_sf.o)
 .debug_pubnames
                0x0000018d       0x26 c:/program files/eclipse/winavr/bin/../lib/gcc/avr/4.3.3/avr5\libgcc.a(_fpcmp_parts_sf.o)
 .debug_pubnames
                0x000001b3       0x20 c:/program files/eclipse/winavr/bin/../lib/gcc/avr/4.3.3/avr5\libgcc.a(_clz.o)

.debug_info     0x00000000     0x200f
 *(.debug_info)
 .debug_info    0x00000000       0xb1 c:/program files/eclipse/winavr/bin/../lib/gcc/avr/4.3.3/avr5\libgcc.a(_fixunssfsi.o)
 .debug_info    0x000000b1      0x47a c:/program files/eclipse/winavr/bin/../lib/gcc/avr/4.3.3/avr5\libgcc.a(_addsub_sf.o)
 .debug_info    0x0000052b      0x485 c:/program files/eclipse/winavr/bin/../lib/gcc/avr/4.3.3/avr5\libgcc.a(_mul_sf.o)
 .debug_info    0x000009b0      0x27f c:/program files/eclipse/winavr/bin/../lib/gcc/avr/4.3.3/avr5\libgcc.a(_gt_sf.o)
 .debug_info    0x00000c2f      0x27f c:/program files/eclipse/winavr/bin/../lib/gcc/avr/4.3.3/avr5\libgcc.a(_ge_sf.o)
 .debug_info    0x00000eae      0x27f c:/program files/eclipse/winavr/bin/../lib/gcc/avr/4.3.3/avr5\libgcc.a(_lt_sf.o)
 .debug_info    0x0000112d      0x2b0 c:/program files/eclipse/winavr/bin/../lib/gcc/avr/4.3.3/avr5\libgcc.a(_sf_to_si.o)
 .debug_info    0x000013dd      0x12c c:/program files/eclipse/winavr/bin/../lib/gcc/avr/4.3.3/avr5\libgcc.a(_thenan_sf.o)
 .debug_info    0x00001509      0x206 c:/program files/eclipse/winavr/bin/../lib/gcc/avr/4.3.3/avr5\libgcc.a(_usi_to_sf.o)
 .debug_info    0x0000170f      0x117 c:/program files/eclipse/winavr/bin/../lib/gcc/avr/4.3.3/avr5\libgcc.a(_clzsi2.o)
 .debug_info    0x00001826      0x2df c:/program files/eclipse/winavr/bin/../lib/gcc/avr/4.3.3/avr5\libgcc.a(_pack_sf.o)
 .debug_info    0x00001b05      0x251 c:/program files/eclipse/winavr/bin/../lib/gcc/avr/4.3.3/avr5\libgcc.a(_unpack_sf.o)
 .debug_info    0x00001d56      0x210 c:/program files/eclipse/winavr/bin/../lib/gcc/avr/4.3.3/avr5\libgcc.a(_fpcmp_parts_sf.o)
 .debug_info    0x00001f66       0xa9 c:/program files/eclipse/winavr/bin/../lib/gcc/avr/4.3.3/avr5\libgcc.a(_clz.o)
 *(.gnu.linkonce.wi.*)

.debug_abbrev   0x00000000     0x1170
 *(.debug_abbrev)
 .debug_abbrev  0x00000000       0x5d c:/program files/eclipse/winavr/bin/../lib/gcc/avr/4.3.3/avr5\libgcc.a(_fixunssfsi.o)
 .debug_abbrev  0x0000005d      0x1ea c:/program files/eclipse/winavr/bin/../lib/gcc/avr/4.3.3/avr5\libgcc.a(_addsub_sf.o)
 .debug_abbrev  0x00000247      0x21b c:/program files/eclipse/winavr/bin/../lib/gcc/avr/4.3.3/avr5\libgcc.a(_mul_sf.o)
 .debug_abbrev  0x00000462      0x15a c:/program files/eclipse/winavr/bin/../lib/gcc/avr/4.3.3/avr5\libgcc.a(_gt_sf.o)
 .debug_abbrev  0x000005bc      0x15a c:/program files/eclipse/winavr/bin/../lib/gcc/avr/4.3.3/avr5\libgcc.a(_ge_sf.o)
 .debug_abbrev  0x00000716      0x15a c:/program files/eclipse/winavr/bin/../lib/gcc/avr/4.3.3/avr5\libgcc.a(_lt_sf.o)
 .debug_abbrev  0x00000870      0x17f c:/program files/eclipse/winavr/bin/../lib/gcc/avr/4.3.3/avr5\libgcc.a(_sf_to_si.o)
 .debug_abbrev  0x000009ef       0xad c:/program files/eclipse/winavr/bin/../lib/gcc/avr/4.3.3/avr5\libgcc.a(_thenan_sf.o)
 .debug_abbrev  0x00000a9c      0x157 c:/program files/eclipse/winavr/bin/../lib/gcc/avr/4.3.3/avr5\libgcc.a(_usi_to_sf.o)
 .debug_abbrev  0x00000bf3       0xc4 c:/program files/eclipse/winavr/bin/../lib/gcc/avr/4.3.3/avr5\libgcc.a(_clzsi2.o)
 .debug_abbrev  0x00000cb7      0x1c0 c:/program files/eclipse/winavr/bin/../lib/gcc/avr/4.3.3/avr5\libgcc.a(_pack_sf.o)
 .debug_abbrev  0x00000e77      0x154 c:/program files/eclipse/winavr/bin/../lib/gcc/avr/4.3.3/avr5\libgcc.a(_unpack_sf.o)
 .debug_abbrev  0x00000fcb      0x13b c:/program files/eclipse/winavr/bin/../lib/gcc/avr/4.3.3/avr5\libgcc.a(_fpcmp_parts_sf.o)
 .debug_abbrev  0x00001106       0x6a c:/program files/eclipse/winavr/bin/../lib/gcc/avr/4.3.3/avr5\libgcc.a(_clz.o)

.debug_line     0x00000000     0x1001
 *(.debug_line)
 .debug_line    0x00000000       0xa7 c:/program files/eclipse/winavr/bin/../lib/gcc/avr/4.3.3/avr5\libgcc.a(_fixunssfsi.o)
 .debug_line    0x000000a7      0x2af c:/program files/eclipse/winavr/bin/../lib/gcc/avr/4.3.3/avr5\libgcc.a(_addsub_sf.o)
 .debug_line    0x00000356      0x239 c:/program files/eclipse/winavr/bin/../lib/gcc/avr/4.3.3/avr5\libgcc.a(_mul_sf.o)
 .debug_line    0x0000058f       0xd3 c:/program files/eclipse/winavr/bin/../lib/gcc/avr/4.3.3/avr5\libgcc.a(_gt_sf.o)
 .debug_line    0x00000662       0xd3 c:/program files/eclipse/winavr/bin/../lib/gcc/avr/4.3.3/avr5\libgcc.a(_ge_sf.o)
 .debug_line    0x00000735       0xd3 c:/program files/eclipse/winavr/bin/../lib/gcc/avr/4.3.3/avr5\libgcc.a(_lt_sf.o)
 .debug_line    0x00000808      0x109 c:/program files/eclipse/winavr/bin/../lib/gcc/avr/4.3.3/avr5\libgcc.a(_sf_to_si.o)
 .debug_line    0x00000911       0x90 c:/program files/eclipse/winavr/bin/../lib/gcc/avr/4.3.3/avr5\libgcc.a(_thenan_sf.o)
 .debug_line    0x000009a1      0x133 c:/program files/eclipse/winavr/bin/../lib/gcc/avr/4.3.3/avr5\libgcc.a(_usi_to_sf.o)
 .debug_line    0x00000ad4       0xa5 c:/program files/eclipse/winavr/bin/../lib/gcc/avr/4.3.3/avr5\libgcc.a(_clzsi2.o)
 .debug_line    0x00000b79      0x18a c:/program files/eclipse/winavr/bin/../lib/gcc/avr/4.3.3/avr5\libgcc.a(_pack_sf.o)
 .debug_line    0x00000d03      0x14b c:/program files/eclipse/winavr/bin/../lib/gcc/avr/4.3.3/avr5\libgcc.a(_unpack_sf.o)
 .debug_line    0x00000e4e      0x137 c:/program files/eclipse/winavr/bin/../lib/gcc/avr/4.3.3/avr5\libgcc.a(_fpcmp_parts_sf.o)
 .debug_line    0x00000f85       0x7c c:/program files/eclipse/winavr/bin/../lib/gcc/avr/4.3.3/avr5\libgcc.a(_clz.o)

.debug_frame    0x00000000      0x1a0
 *(.debug_frame)
 .debug_frame   0x00000000       0x20 c:/program files/eclipse/winavr/bin/../lib/gcc/avr/4.3.3/avr5\libgcc.a(_fixunssfsi.o)
 .debug_frame   0x00000020       0x40 c:/program files/eclipse/winavr/bin/../lib/gcc/avr/4.3.3/avr5\libgcc.a(_addsub_sf.o)
 .debug_frame   0x00000060       0x20 c:/program files/eclipse/winavr/bin/../lib/gcc/avr/4.3.3/avr5\libgcc.a(_mul_sf.o)
 .debug_frame   0x00000080       0x20 c:/program files/eclipse/winavr/bin/../lib/gcc/avr/4.3.3/avr5\libgcc.a(_gt_sf.o)
 .debug_frame   0x000000a0       0x20 c:/program files/eclipse/winavr/bin/../lib/gcc/avr/4.3.3/avr5\libgcc.a(_ge_sf.o)
 .debug_frame   0x000000c0       0x20 c:/program files/eclipse/winavr/bin/../lib/gcc/avr/4.3.3/avr5\libgcc.a(_lt_sf.o)
 .debug_frame   0x000000e0       0x20 c:/program files/eclipse/winavr/bin/../lib/gcc/avr/4.3.3/avr5\libgcc.a(_sf_to_si.o)
 .debug_frame   0x00000100       0x20 c:/program files/eclipse/winavr/bin/../lib/gcc/avr/4.3.3/avr5\libgcc.a(_usi_to_sf.o)
 .debug_frame   0x00000120       0x20 c:/program files/eclipse/winavr/bin/../lib/gcc/avr/4.3.3/avr5\libgcc.a(_clzsi2.o)
 .debug_frame   0x00000140       0x20 c:/program files/eclipse/winavr/bin/../lib/gcc/avr/4.3.3/avr5\libgcc.a(_pack_sf.o)
 .debug_frame   0x00000160       0x20 c:/program files/eclipse/winavr/bin/../lib/gcc/avr/4.3.3/avr5\libgcc.a(_unpack_sf.o)
 .debug_frame   0x00000180       0x20 c:/program files/eclipse/winavr/bin/../lib/gcc/avr/4.3.3/avr5\libgcc.a(_fpcmp_parts_sf.o)

.debug_str      0x00000000      0x2c1
 *(.debug_str)
 .debug_str     0x00000000       0xbf c:/program files/eclipse/winavr/bin/../lib/gcc/avr/4.3.3/avr5\libgcc.a(_fixunssfsi.o)
                                 0xfe (size before relaxing)
 .debug_str     0x000000bf      0x14d c:/program files/eclipse/winavr/bin/../lib/gcc/avr/4.3.3/avr5\libgcc.a(_addsub_sf.o)
                                0x206 (size before relaxing)
 .debug_str     0x0000020c       0x27 c:/program files/eclipse/winavr/bin/../lib/gcc/avr/4.3.3/avr5\libgcc.a(_mul_sf.o)
                                0x1bf (size before relaxing)
 .debug_str     0x00000233        0x8 c:/program files/eclipse/winavr/bin/../lib/gcc/avr/4.3.3/avr5\libgcc.a(_gt_sf.o)
                                0x195 (size before relaxing)
 .debug_str     0x0000023b        0x8 c:/program files/eclipse/winavr/bin/../lib/gcc/avr/4.3.3/avr5\libgcc.a(_ge_sf.o)
                                0x195 (size before relaxing)
 .debug_str     0x00000243        0x8 c:/program files/eclipse/winavr/bin/../lib/gcc/avr/4.3.3/avr5\libgcc.a(_lt_sf.o)
                                0x195 (size before relaxing)
 .debug_str     0x0000024b        0xa c:/program files/eclipse/winavr/bin/../lib/gcc/avr/4.3.3/avr5\libgcc.a(_sf_to_si.o)
                                0x19e (size before relaxing)
 .debug_str     0x00000000      0x103 c:/program files/eclipse/winavr/bin/../lib/gcc/avr/4.3.3/avr5\libgcc.a(_thenan_sf.o)
 .debug_str     0x00000255       0x21 c:/program files/eclipse/winavr/bin/../lib/gcc/avr/4.3.3/avr5\libgcc.a(_usi_to_sf.o)
                                0x177 (size before relaxing)
 .debug_str     0x00000276       0x20 c:/program files/eclipse/winavr/bin/../lib/gcc/avr/4.3.3/avr5\libgcc.a(_clzsi2.o)
                                0x111 (size before relaxing)
 .debug_str     0x00000296       0x10 c:/program files/eclipse/winavr/bin/../lib/gcc/avr/4.3.3/avr5\libgcc.a(_pack_sf.o)
                                0x19d (size before relaxing)
 .debug_str     0x000002a6        0xb c:/program files/eclipse/winavr/bin/../lib/gcc/avr/4.3.3/avr5\libgcc.a(_unpack_sf.o)
                                0x17f (size before relaxing)
 .debug_str     0x000002b1       0x10 c:/program files/eclipse/winavr/bin/../lib/gcc/avr/4.3.3/avr5\libgcc.a(_fpcmp_parts_sf.o)
                                0x163 (size before relaxing)
 .debug_str     0x00000000       0xf4 c:/program files/eclipse/winavr/bin/../lib/gcc/avr/4.3.3/avr5\libgcc.a(_clz.o)

.debug_loc      0x00000000      0x8ae
 *(.debug_loc)
 .debug_loc     0x00000000       0x34 c:/program files/eclipse/winavr/bin/../lib/gcc/avr/4.3.3/avr5\libgcc.a(_fixunssfsi.o)
 .debug_loc     0x00000034      0x32a c:/program files/eclipse/winavr/bin/../lib/gcc/avr/4.3.3/avr5\libgcc.a(_addsub_sf.o)
 .debug_loc     0x0000035e      0x104 c:/program files/eclipse/winavr/bin/../lib/gcc/avr/4.3.3/avr5\libgcc.a(_mul_sf.o)
 .debug_loc     0x00000462       0x3c c:/program files/eclipse/winavr/bin/../lib/gcc/avr/4.3.3/avr5\libgcc.a(_gt_sf.o)
 .debug_loc     0x0000049e       0x3c c:/program files/eclipse/winavr/bin/../lib/gcc/avr/4.3.3/avr5\libgcc.a(_ge_sf.o)
 .debug_loc     0x000004da       0x3c c:/program files/eclipse/winavr/bin/../lib/gcc/avr/4.3.3/avr5\libgcc.a(_lt_sf.o)
 .debug_loc     0x00000516       0x7e c:/program files/eclipse/winavr/bin/../lib/gcc/avr/4.3.3/avr5\libgcc.a(_sf_to_si.o)
 .debug_loc     0x00000594       0x4c c:/program files/eclipse/winavr/bin/../lib/gcc/avr/4.3.3/avr5\libgcc.a(_usi_to_sf.o)
 .debug_loc     0x000005e0       0x94 c:/program files/eclipse/winavr/bin/../lib/gcc/avr/4.3.3/avr5\libgcc.a(_clzsi2.o)
 .debug_loc     0x00000674      0x13e c:/program files/eclipse/winavr/bin/../lib/gcc/avr/4.3.3/avr5\libgcc.a(_pack_sf.o)
 .debug_loc     0x000007b2       0xac c:/program files/eclipse/winavr/bin/../lib/gcc/avr/4.3.3/avr5\libgcc.a(_unpack_sf.o)
 .debug_loc     0x0000085e       0x50 c:/program files/eclipse/winavr/bin/../lib/gcc/avr/4.3.3/avr5\libgcc.a(_fpcmp_parts_sf.o)

.debug_macinfo
 *(.debug_macinfo)
OUTPUT(Project.elf elf32-avr)
LOAD linker stubs

.debug_ranges   0x00000000       0x50
 .debug_ranges  0x00000000       0x50 c:/program files/eclipse/winavr/bin/../lib/gcc/avr/4.3.3/avr5\libgcc.a(_mul_sf.o)
